// Jest Snapshot v1, https://goo.gl/fbAQLP

exports[`CompaniesPage component should match with snapshot 1`] = `
Array [
  <header
    className="header"
    data-testid="header"
  >
    <button
      onClick={[Function]}
      type="button"
    >
      <i
        className="fa-solid fa-gear"
      />
    </button>
    <h1>
      stock market
    </h1>
  </header>,
  <a
    href="/details/GOOG"
    onClick={[Function]}
  >
    <div
      className="main-comp-section"
      data-testid="companies-list"
    >
      <span
        className="fa-solid fa-money-bill-trend-up"
      />
      <div
        className="main-comp-name"
      >
        <h2>
          GOOG
        </h2>
        <span>
          50
          / Revenue
        </span>
      </div>
    </div>
  </a>,
  <div
    className="main-page-bar"
  >
    <p>
      US STOCK MARKET
    </p>
  </div>,
  <div
    className="comp-name-list"
  >
    <a
      href="/details/MSFT"
      onClick={[Function]}
    >
      <div>
        <span
          className="fa-solid arrow-stock fa-circle-arrow-right"
        />
        <i
          className="fa-solid fa-money-bill-trend-up"
        />
        <h3
          data-testid="test-symbol"
        >
          MSFT
        </h3>
        <span
          data-testid="test-revenue"
        >
          75
        </span>
      </div>
    </a>
    <a
      href="/details/AAPL"
      onClick={[Function]}
    >
      <div>
        <span
          className="fa-solid arrow-stock fa-circle-arrow-right"
        />
        <i
          className="fa-solid fa-money-bill-trend-up"
        />
        <h3
          data-testid="test-symbol"
        >
          AAPL
        </h3>
        <span
          data-testid="test-revenue"
        >
          100
        </span>
      </div>
    </a>
  </div>,
]
`;
